// Jest Snapshot v1, https://goo.gl/fbAQLP

exports[`navbar snapshot testing 1`] = `
<div
  className="playerCard-0-2-1"
>
  <div
    className="chennai-super-kings-0-2-9"
  >
    <img
      alt="MS Dhoni"
      className="chennai-super-kings-0-2-9"
      src="https://iplstatic.s3.amazonaws.com/players/210/1.png"
    />
  </div>
  <div
    className="playerDetail-0-2-2"
  >
    <p
      className="name-0-2-3"
    >
      MS Dhoni
    </p>
    <ul
      className="stats-0-2-4"
    >
      <li
        className="listItem-0-2-5"
      >
        <span
          className="value-0-2-6"
        >
          15
        </span>
        <br />
        <span
          className="label-0-2-7"
        >
          Matches
        </span>
      </li>
      <li
        className="listItem-0-2-5"
      >
        <span
          className="value-0-2-6"
        >
          416
        </span>
        <br />
        <span
          className="label-0-2-7"
        >
          Runs
        </span>
      </li>
      <li
        className="listItem-0-2-5"
      >
        <span
          className="value-0-2-6"
        >
          0
        </span>
        <br />
        <span
          className="label-0-2-7"
        >
          Wickets
        </span>
      </li>
    </ul>
    <button
      className="button-0-2-8"
    >
      View Profile
    </button>
  </div>
</div>
`;
